  Determining projects to restore...
G:\NewwaysAdmin\NewwaysAdmin\NewwaysAdmin.GoogleSheets\NewwaysAdmin.GoogleSheets.csproj : warning NU1504: Duplicate 'PackageReference' items found. Remove the duplicate items or use the Update functionality to ensure a consistent restore behavior. The duplicate 'PackageReference' items are: Google.Apis.Auth 1.69.0, Google.Apis.Auth 1.69.0.
G:\NewwaysAdmin\NewwaysAdmin\NewwaysAdmin.GoogleSheets\NewwaysAdmin.GoogleSheets.csproj : warning NU1603: NewwaysAdmin.GoogleSheets depends on Google.Apis.Sheets.v4 (>= 1.69.0) but Google.Apis.Sheets.v4 1.69.0 was not found. An approximate best match of Google.Apis.Sheets.v4 1.69.0.3694 was resolved. [G:\NewwaysAdmin\NewwaysAdmin\NewwaysAdmin.sln]
G:\NewwaysAdmin\NewwaysAdmin\NewwaysAdmin.Web\NewwaysAdmin.Web.csproj : warning NU1603: NewwaysAdmin.GoogleSheets depends on Google.Apis.Sheets.v4 (>= 1.69.0) but Google.Apis.Sheets.v4 1.69.0 was not found. An approximate best match of Google.Apis.Sheets.v4 1.69.0.3694 was resolved. [G:\NewwaysAdmin\NewwaysAdmin\NewwaysAdmin.sln]
  All projects are up-to-date for restore.
G:\NewwaysAdmin\NewwaysAdmin\NewwaysAdmin.GoogleSheets\NewwaysAdmin.GoogleSheets.csproj : warning NU1504: Duplicate 'PackageReference' items found. Remove the duplicate items or use the Update functionality to ensure a consistent restore behavior. The duplicate 'PackageReference' items are: Google.Apis.Auth 1.69.0, Google.Apis.Auth 1.69.0.
G:\NewwaysAdmin\NewwaysAdmin\NewwaysAdmin.GoogleSheets\NewwaysAdmin.GoogleSheets.csproj : warning NU1603: NewwaysAdmin.GoogleSheets depends on Google.Apis.Sheets.v4 (>= 1.69.0) but Google.Apis.Sheets.v4 1.69.0 was not found. An approximate best match of Google.Apis.Sheets.v4 1.69.0.3694 was resolved.
G:\NewwaysAdmin\NewwaysAdmin\NewwaysAdmin.Web\NewwaysAdmin.Web.csproj : warning NU1603: NewwaysAdmin.GoogleSheets depends on Google.Apis.Sheets.v4 (>= 1.69.0) but Google.Apis.Sheets.v4 1.69.0 was not found. An approximate best match of Google.Apis.Sheets.v4 1.69.0.3694 was resolved.
G:\NewwaysAdmin\NewwaysAdmin\NewwaysAdmin.Shared\IO\Json\JsonStorage.cs(161,33): warning CS1998: This async method lacks 'await' operators and will run synchronously. Consider using the 'await' operator to await non-blocking API calls, or 'await Task.Run(...)' to do CPU-bound work on a background thread. [G:\NewwaysAdmin\NewwaysAdmin\NewwaysAdmin.Shared\NewwaysAdmin.Shared.csproj]
G:\NewwaysAdmin\NewwaysAdmin\NewwaysAdmin.Shared\IO\Json\JsonStorage.cs(234,28): warning CS1998: This async method lacks 'await' operators and will run synchronously. Consider using the 'await' operator to await non-blocking API calls, or 'await Task.Run(...)' to do CPU-bound work on a background thread. [G:\NewwaysAdmin\NewwaysAdmin\NewwaysAdmin.Shared\NewwaysAdmin.Shared.csproj]
  NewwaysAdmin.WorkerAttendance.Models -> G:\NewwaysAdmin\NewwaysAdmin\NewwaysAdmin.WorkerAttendance.Models\bin\Debug\net8.0\NewwaysAdmin.WorkerAttendance.Models.dll
  NewwaysAdmin.Accounting -> G:\NewwaysAdmin\NewwaysAdmin\NewwaysAdmin.Accounting\bin\Debug\net8.0\NewwaysAdmin.Accounting.dll
  NewwaysAdmin.WorkerAttendance.Python -> G:\NewwaysAdmin\NewwaysAdmin\NewwaysAdmin.WorkerAttendance.Python\bin\Debug\net8.0\NewwaysAdmin.WorkerAttendance.Python.dll
  NewwaysAdmin.Shared -> G:\NewwaysAdmin\NewwaysAdmin\NewwaysAdmin.Shared\bin\Debug\net8.0\NewwaysAdmin.Shared.dll
G:\NewwaysAdmin\NewwaysAdmin\NewwaysAdmin.IO.Manager\MachineConfiguration.cs(35,43): warning CS8604: Possible null reference argument for parameter 'path' in 'DirectoryInfo Directory.CreateDirectory(string path)'. [G:\NewwaysAdmin\NewwaysAdmin\NewwaysAdmin.IO.Manager\NewwaysAdmin.IO.Manager.csproj]
G:\NewwaysAdmin\NewwaysAdmin\NewwaysAdmin.IO.Manager\IOManager.cs(388,47): warning CS8604: Possible null reference argument for parameter 'path' in 'DirectoryInfo Directory.CreateDirectory(string path)'. [G:\NewwaysAdmin\NewwaysAdmin\NewwaysAdmin.IO.Manager\NewwaysAdmin.IO.Manager.csproj]
  NewwaysAdmin.IO.Manager -> G:\NewwaysAdmin\NewwaysAdmin\NewwaysAdmin.IO.Manager\bin\Debug\net8.0\NewwaysAdmin.IO.Manager.dll
G:\NewwaysAdmin\NewwaysAdmin\NewwaysAdmin.WorkerAttendance.Services\FaceTrainingService.cs(34,33): warning CS1998: This async method lacks 'await' operators and will run synchronously. Consider using the 'await' operator to await non-blocking API calls, or 'await Task.Run(...)' to do CPU-bound work on a background thread. [G:\NewwaysAdmin\NewwaysAdmin\NewwaysAdmin.WorkerAttendance.Services\NewwaysAdmin.WorkerAttendance.Services.csproj]
G:\NewwaysAdmin\NewwaysAdmin\NewwaysAdmin.WorkerAttendance.Services\ArduinoService.cs(11,22): warning CS0414: The field 'ArduinoService._isConnected' is assigned but its value is never used [G:\NewwaysAdmin\NewwaysAdmin\NewwaysAdmin.WorkerAttendance.Services\NewwaysAdmin.WorkerAttendance.Services.csproj]
  NewwaysAdmin.WorkerAttendance.Services -> G:\NewwaysAdmin\NewwaysAdmin\NewwaysAdmin.WorkerAttendance.Services\bin\Debug\net8.0\NewwaysAdmin.WorkerAttendance.Services.dll
G:\NewwaysAdmin\NewwaysAdmin\NewwaysAdmin.DevTools\Program.cs(176,29): warning CS8602: Dereference of a possibly null reference. [G:\NewwaysAdmin\NewwaysAdmin\NewwaysAdmin.DevTools\NewwaysAdmin.DevTools.csproj]
G:\NewwaysAdmin\NewwaysAdmin\NewwaysAdmin.DevTools\Program.cs(294,13): warning CS1998: This async method lacks 'await' operators and will run synchronously. Consider using the 'await' operator to await non-blocking API calls, or 'await Task.Run(...)' to do CPU-bound work on a background thread. [G:\NewwaysAdmin\NewwaysAdmin\NewwaysAdmin.DevTools\NewwaysAdmin.DevTools.csproj]
  NewwaysAdmin.DevTools -> G:\NewwaysAdmin\NewwaysAdmin\NewwaysAdmin.DevTools\bin\Debug\net8.0\NewwaysAdmin.DevTools.dll
G:\NewwaysAdmin\NewwaysAdmin\NewwaysAdmin.SharedModels\Models\Ocr\SearchPattern.cs(49,16): warning CS8618: Non-nullable property 'Name' must contain a non-null value when exiting constructor. Consider adding the 'required' modifier or declaring the property as nullable. [G:\NewwaysAdmin\NewwaysAdmin\NewwaysAdmin.SharedModels\NewwaysAdmin.SharedModels.csproj]
G:\NewwaysAdmin\NewwaysAdmin\NewwaysAdmin.SharedModels\Models\Ocr\SearchPattern.cs(36,16): warning CS8618: Non-nullable property 'Name' must contain a non-null value when exiting constructor. Consider adding the 'required' modifier or declaring the property as nullable. [G:\NewwaysAdmin\NewwaysAdmin\NewwaysAdmin.SharedModels\NewwaysAdmin.SharedModels.csproj]
G:\NewwaysAdmin\NewwaysAdmin\NewwaysAdmin.SharedModels\Models\Ocr\SearchPattern.cs(12,23): warning CS8618: Non-nullable property 'SearchName' must contain a non-null value when exiting constructor. Consider adding the 'required' modifier or declaring the property as nullable. [G:\NewwaysAdmin\NewwaysAdmin\NewwaysAdmin.SharedModels\NewwaysAdmin.SharedModels.csproj]
G:\NewwaysAdmin\NewwaysAdmin\NewwaysAdmin.SharedModels\Models\Ocr\SearchPattern.cs(13,23): warning CS8618: Non-nullable property 'KeyWord' must contain a non-null value when exiting constructor. Consider adding the 'required' modifier or declaring the property as nullable. [G:\NewwaysAdmin\NewwaysAdmin\NewwaysAdmin.SharedModels\NewwaysAdmin.SharedModels.csproj]
G:\NewwaysAdmin\NewwaysAdmin\NewwaysAdmin.SharedModels\Models\Ocr\SearchPattern.cs(16,23): warning CS8618: Non-nullable property 'StopWords' must contain a non-null value when exiting constructor. Consider adding the 'required' modifier or declaring the property as nullable. [G:\NewwaysAdmin\NewwaysAdmin\NewwaysAdmin.SharedModels\NewwaysAdmin.SharedModels.csproj]
G:\NewwaysAdmin\NewwaysAdmin\NewwaysAdmin.SharedModels\Models\Ocr\SearchPattern.cs(17,23): warning CS8618: Non-nullable property 'PatternType' must contain a non-null value when exiting constructor. Consider adding the 'required' modifier or declaring the property as nullable. [G:\NewwaysAdmin\NewwaysAdmin\NewwaysAdmin.SharedModels\NewwaysAdmin.SharedModels.csproj]
G:\NewwaysAdmin\NewwaysAdmin\NewwaysAdmin.SharedModels\Models\Ocr\SearchPattern.cs(18,29): warning CS8618: Non-nullable property 'RegexPatterns' must contain a non-null value when exiting constructor. Consider adding the 'required' modifier or declaring the property as nullable. [G:\NewwaysAdmin\NewwaysAdmin\NewwaysAdmin.SharedModels\NewwaysAdmin.SharedModels.csproj]
G:\NewwaysAdmin\NewwaysAdmin\NewwaysAdmin.SharedModels\Models\Config\ProcessorConfig.cs(147,48): warning CS8602: Dereference of a possibly null reference. [G:\NewwaysAdmin\NewwaysAdmin\NewwaysAdmin.SharedModels\NewwaysAdmin.SharedModels.csproj]
G:\NewwaysAdmin\NewwaysAdmin\NewwaysAdmin.SharedModels\Services\Ocr\SpatialOcrService.cs(138,34): warning CS1998: This async method lacks 'await' operators and will run synchronously. Consider using the 'await' operator to await non-blocking API calls, or 'await Task.Run(...)' to do CPU-bound work on a background thread. [G:\NewwaysAdmin\NewwaysAdmin\NewwaysAdmin.SharedModels\NewwaysAdmin.SharedModels.csproj]
G:\NewwaysAdmin\NewwaysAdmin\NewwaysAdmin.SharedModels\Services\Ocr\SpatialOcrService.cs(362,30): warning CS0612: 'EntityAnnotation.Confidence' is obsolete [G:\NewwaysAdmin\NewwaysAdmin\NewwaysAdmin.SharedModels\NewwaysAdmin.SharedModels.csproj]
G:\NewwaysAdmin\NewwaysAdmin\NewwaysAdmin.SharedModels\Services\Ocr\SpatialOcrService.cs(375,52): warning CS0612: 'EntityAnnotation.Confidence' is obsolete [G:\NewwaysAdmin\NewwaysAdmin\NewwaysAdmin.SharedModels\NewwaysAdmin.SharedModels.csproj]
G:\NewwaysAdmin\NewwaysAdmin\NewwaysAdmin.SharedModels\Services\Ocr\SpatialOcrService.cs(380,53): warning CS1998: This async method lacks 'await' operators and will run synchronously. Consider using the 'await' operator to await non-blocking API calls, or 'await Task.Run(...)' to do CPU-bound work on a background thread. [G:\NewwaysAdmin\NewwaysAdmin\NewwaysAdmin.SharedModels\NewwaysAdmin.SharedModels.csproj]
G:\NewwaysAdmin\NewwaysAdmin\NewwaysAdmin.SharedModels\Services\Ocr\SpatialOcrService.cs(386,72): warning CA1416: This call site is reachable on all platforms. 'Image.Width' is only supported on: 'windows' 6.1 and later. (https://learn.microsoft.com/dotnet/fundamentals/code-analysis/quality-rules/ca1416) [G:\NewwaysAdmin\NewwaysAdmin\NewwaysAdmin.SharedModels\NewwaysAdmin.SharedModels.csproj]
G:\NewwaysAdmin\NewwaysAdmin\NewwaysAdmin.SharedModels\Services\Ocr\SpatialOcrService.cs(387,25): warning CA1416: This call site is reachable on all platforms. 'Image.Width' is only supported on: 'windows' 6.1 and later. (https://learn.microsoft.com/dotnet/fundamentals/code-analysis/quality-rules/ca1416) [G:\NewwaysAdmin\NewwaysAdmin\NewwaysAdmin.SharedModels\NewwaysAdmin.SharedModels.csproj]
G:\NewwaysAdmin\NewwaysAdmin\NewwaysAdmin.SharedModels\Services\Ocr\SpatialOcrService.cs(385,35): warning CA1416: This call site is reachable on all platforms. 'Image.FromFile(string)' is only supported on: 'windows' 6.1 and later. (https://learn.microsoft.com/dotnet/fundamentals/code-analysis/quality-rules/ca1416) [G:\NewwaysAdmin\NewwaysAdmin\NewwaysAdmin.SharedModels\NewwaysAdmin.SharedModels.csproj]
G:\NewwaysAdmin\NewwaysAdmin\NewwaysAdmin.SharedModels\Services\Ocr\SpatialOcrService.cs(386,85): warning CA1416: This call site is reachable on all platforms. 'Image.Height' is only supported on: 'windows' 6.1 and later. (https://learn.microsoft.com/dotnet/fundamentals/code-analysis/quality-rules/ca1416) [G:\NewwaysAdmin\NewwaysAdmin\NewwaysAdmin.SharedModels\NewwaysAdmin.SharedModels.csproj]
G:\NewwaysAdmin\NewwaysAdmin\NewwaysAdmin.SharedModels\Services\Ocr\SpatialOcrService.cs(387,38): warning CA1416: This call site is reachable on all platforms. 'Image.Height' is only supported on: 'windows' 6.1 and later. (https://learn.microsoft.com/dotnet/fundamentals/code-analysis/quality-rules/ca1416) [G:\NewwaysAdmin\NewwaysAdmin\NewwaysAdmin.SharedModels\NewwaysAdmin.SharedModels.csproj]
  NewwaysAdmin.SharedModels -> G:\NewwaysAdmin\NewwaysAdmin\NewwaysAdmin.SharedModels\bin\Debug\net8.0\NewwaysAdmin.SharedModels.dll
G:\NewwaysAdmin\NewwaysAdmin\NewwaysAdmin.WorkerAttendance.UI\VideoFeedService.cs(35,33): warning CS1998: This async method lacks 'await' operators and will run synchronously. Consider using the 'await' operator to await non-blocking API calls, or 'await Task.Run(...)' to do CPU-bound work on a background thread. [G:\NewwaysAdmin\NewwaysAdmin\NewwaysAdmin.WorkerAttendance.UI\NewwaysAdmin.WorkerAttendance.UI_zucbieff_wpftmp.csproj]
G:\NewwaysAdmin\NewwaysAdmin\NewwaysAdmin.WorkerAttendance.UI\MainWindow.xaml.cs(41,16): warning CS8618: Non-nullable field '_storageFactory' must contain a non-null value when exiting constructor. Consider adding the 'required' modifier or declaring the field as nullable. [G:\NewwaysAdmin\NewwaysAdmin\NewwaysAdmin.WorkerAttendance.UI\NewwaysAdmin.WorkerAttendance.UI_zucbieff_wpftmp.csproj]
G:\NewwaysAdmin\NewwaysAdmin\NewwaysAdmin.WorkerAttendance.UI\MainWindow.xaml.cs(41,16): warning CS8618: Non-nullable field '_workerStorageService' must contain a non-null value when exiting constructor. Consider adding the 'required' modifier or declaring the field as nullable. [G:\NewwaysAdmin\NewwaysAdmin\NewwaysAdmin.WorkerAttendance.UI\NewwaysAdmin.WorkerAttendance.UI_zucbieff_wpftmp.csproj]
G:\NewwaysAdmin\NewwaysAdmin\NewwaysAdmin.WorkerAttendance.UI\MainWindow.xaml.cs(41,16): warning CS8618: Non-nullable field '_faceTrainingWorkflowService' must contain a non-null value when exiting constructor. Consider adding the 'required' modifier or declaring the field as nullable. [G:\NewwaysAdmin\NewwaysAdmin\NewwaysAdmin.WorkerAttendance.UI\NewwaysAdmin.WorkerAttendance.UI_zucbieff_wpftmp.csproj]
G:\NewwaysAdmin\NewwaysAdmin\NewwaysAdmin.WorkerAttendance.UI\MainWindow.xaml.cs(578,30): warning CS0168: The variable 'ex' is declared but never used [G:\NewwaysAdmin\NewwaysAdmin\NewwaysAdmin.WorkerAttendance.UI\NewwaysAdmin.WorkerAttendance.UI_zucbieff_wpftmp.csproj]
G:\NewwaysAdmin\NewwaysAdmin\NewwaysAdmin.WorkerAttendance.UI\Controls\FaceTrainingInstructionsControl.xaml.cs(19,35): warning CS0067: The event 'FaceTrainingInstructionsControl.CaptureRequested' is never used [G:\NewwaysAdmin\NewwaysAdmin\NewwaysAdmin.WorkerAttendance.UI\NewwaysAdmin.WorkerAttendance.UI_zucbieff_wpftmp.csproj]
G:\NewwaysAdmin\NewwaysAdmin\NewwaysAdmin.WorkerAttendance.UI\Controls\FaceTrainingInstructionsControl.xaml.cs(21,30): warning CS0067: The event 'FaceTrainingInstructionsControl.TrainingCancelled' is never used [G:\NewwaysAdmin\NewwaysAdmin\NewwaysAdmin.WorkerAttendance.UI\NewwaysAdmin.WorkerAttendance.UI_zucbieff_wpftmp.csproj]
G:\NewwaysAdmin\NewwaysAdmin\NewwaysAdmin.WorkerAttendance.UI\MainWindow.xaml.cs(35,22): warning CS0414: The field 'MainWindow._isInTrainingMode' is assigned but its value is never used [G:\NewwaysAdmin\NewwaysAdmin\NewwaysAdmin.WorkerAttendance.UI\NewwaysAdmin.WorkerAttendance.UI_zucbieff_wpftmp.csproj]
G:\NewwaysAdmin\NewwaysAdmin\NewwaysAdmin.OrderProcessor\PdfProcessor.cs(95,50): warning CS8600: Converting null literal or possible null value to non-nullable type. [G:\NewwaysAdmin\NewwaysAdmin\NewwaysAdmin.OrderProcessor\NewwaysAdmin.OrderProcessor.csproj]
G:\NewwaysAdmin\NewwaysAdmin\NewwaysAdmin.OrderProcessor\PdfProcessor.cs(655,51): warning CS8625: Cannot convert null literal to non-nullable reference type. [G:\NewwaysAdmin\NewwaysAdmin\NewwaysAdmin.OrderProcessor\NewwaysAdmin.OrderProcessor.csproj]
G:\NewwaysAdmin\NewwaysAdmin\NewwaysAdmin.OrderProcessor\PdfProcessor.cs(577,40): warning CS1998: This async method lacks 'await' operators and will run synchronously. Consider using the 'await' operator to await non-blocking API calls, or 'await Task.Run(...)' to do CPU-bound work on a background thread. [G:\NewwaysAdmin\NewwaysAdmin\NewwaysAdmin.OrderProcessor\NewwaysAdmin.OrderProcessor.csproj]
  NewwaysAdmin.OrderProcessor -> G:\NewwaysAdmin\NewwaysAdmin\NewwaysAdmin.OrderProcessor\bin\Debug\net8.0\NewwaysAdmin.OrderProcessor.dll
G:\NewwaysAdmin\NewwaysAdmin\NewwaysAdmin.GoogleSheets\Services\GoogleSheetsService.cs(7,7): warning CS0105: The using directive for 'Google.Apis.Auth.OAuth2' appeared previously in this namespace [G:\NewwaysAdmin\NewwaysAdmin\NewwaysAdmin.GoogleSheets\NewwaysAdmin.GoogleSheets.csproj]
G:\NewwaysAdmin\NewwaysAdmin\NewwaysAdmin.GoogleSheets\Layouts\BankSlipSheetLayout.cs(149,46): warning CS8602: Dereference of a possibly null reference. [G:\NewwaysAdmin\NewwaysAdmin\NewwaysAdmin.GoogleSheets\NewwaysAdmin.GoogleSheets.csproj]
G:\NewwaysAdmin\NewwaysAdmin\NewwaysAdmin.GoogleSheets\Services\GoogleSheetsService.cs(125,31): warning CS8629: Nullable value type may be null. [G:\NewwaysAdmin\NewwaysAdmin\NewwaysAdmin.GoogleSheets\NewwaysAdmin.GoogleSheets.csproj]
G:\NewwaysAdmin\NewwaysAdmin\NewwaysAdmin.GoogleSheets\Services\GoogleSheetsService.cs(629,42): warning CS1998: This async method lacks 'await' operators and will run synchronously. Consider using the 'await' operator to await non-blocking API calls, or 'await Task.Run(...)' to do CPU-bound work on a background thread. [G:\NewwaysAdmin\NewwaysAdmin\NewwaysAdmin.GoogleSheets\NewwaysAdmin.GoogleSheets.csproj]
  NewwaysAdmin.GoogleSheets -> G:\NewwaysAdmin\NewwaysAdmin\NewwaysAdmin.GoogleSheets\bin\Debug\net8.0\NewwaysAdmin.GoogleSheets.dll
G:\NewwaysAdmin\NewwaysAdmin\NewwaysAdmin.WorkerAttendance.UI\VideoFeedService.cs(35,33): warning CS1998: This async method lacks 'await' operators and will run synchronously. Consider using the 'await' operator to await non-blocking API calls, or 'await Task.Run(...)' to do CPU-bound work on a background thread. [G:\NewwaysAdmin\NewwaysAdmin\NewwaysAdmin.WorkerAttendance.UI\NewwaysAdmin.WorkerAttendance.UI.csproj]
G:\NewwaysAdmin\NewwaysAdmin\NewwaysAdmin.WorkerAttendance.UI\MainWindow.xaml.cs(41,16): warning CS8618: Non-nullable field '_storageFactory' must contain a non-null value when exiting constructor. Consider adding the 'required' modifier or declaring the field as nullable. [G:\NewwaysAdmin\NewwaysAdmin\NewwaysAdmin.WorkerAttendance.UI\NewwaysAdmin.WorkerAttendance.UI.csproj]
G:\NewwaysAdmin\NewwaysAdmin\NewwaysAdmin.WorkerAttendance.UI\MainWindow.xaml.cs(41,16): warning CS8618: Non-nullable field '_workerStorageService' must contain a non-null value when exiting constructor. Consider adding the 'required' modifier or declaring the field as nullable. [G:\NewwaysAdmin\NewwaysAdmin\NewwaysAdmin.WorkerAttendance.UI\NewwaysAdmin.WorkerAttendance.UI.csproj]
G:\NewwaysAdmin\NewwaysAdmin\NewwaysAdmin.WorkerAttendance.UI\MainWindow.xaml.cs(41,16): warning CS8618: Non-nullable field '_faceTrainingWorkflowService' must contain a non-null value when exiting constructor. Consider adding the 'required' modifier or declaring the field as nullable. [G:\NewwaysAdmin\NewwaysAdmin\NewwaysAdmin.WorkerAttendance.UI\NewwaysAdmin.WorkerAttendance.UI.csproj]
G:\NewwaysAdmin\NewwaysAdmin\NewwaysAdmin.WorkerAttendance.UI\MainWindow.xaml.cs(578,30): warning CS0168: The variable 'ex' is declared but never used [G:\NewwaysAdmin\NewwaysAdmin\NewwaysAdmin.WorkerAttendance.UI\NewwaysAdmin.WorkerAttendance.UI.csproj]
G:\NewwaysAdmin\NewwaysAdmin\NewwaysAdmin.WorkerAttendance.UI\Controls\FaceTrainingInstructionsControl.xaml.cs(21,30): warning CS0067: The event 'FaceTrainingInstructionsControl.TrainingCancelled' is never used [G:\NewwaysAdmin\NewwaysAdmin\NewwaysAdmin.WorkerAttendance.UI\NewwaysAdmin.WorkerAttendance.UI.csproj]
G:\NewwaysAdmin\NewwaysAdmin\NewwaysAdmin.WorkerAttendance.UI\Controls\FaceTrainingInstructionsControl.xaml.cs(19,35): warning CS0067: The event 'FaceTrainingInstructionsControl.CaptureRequested' is never used [G:\NewwaysAdmin\NewwaysAdmin\NewwaysAdmin.WorkerAttendance.UI\NewwaysAdmin.WorkerAttendance.UI.csproj]
G:\NewwaysAdmin\NewwaysAdmin\NewwaysAdmin.WorkerAttendance.UI\MainWindow.xaml.cs(35,22): warning CS0414: The field 'MainWindow._isInTrainingMode' is assigned but its value is never used [G:\NewwaysAdmin\NewwaysAdmin\NewwaysAdmin.WorkerAttendance.UI\NewwaysAdmin.WorkerAttendance.UI.csproj]
  NewwaysAdmin.WorkerAttendance.UI -> G:\NewwaysAdmin\NewwaysAdmin\NewwaysAdmin.WorkerAttendance.UI\bin\Debug\net8.0-windows\NewwaysAdmin.WorkerAttendance.UI.dll
  NewwaysAdmin.Web -> G:\NewwaysAdmin\NewwaysAdmin\NewwaysAdmin.Web\bin\Debug\net8.0\NewwaysAdmin.Web.dll
G:\NewwaysAdmin\NewwaysAdmin\NewwaysAdmin.WebAdmin\Components\Features\Sales\Daily\DailySummaryPanel.razor(22,13): warning RZ10012: Found markup element with unexpected name 'SummaryStatsSection'. If this is intended to be a component, add a @using directive for its namespace. [G:\NewwaysAdmin\NewwaysAdmin\NewwaysAdmin.WebAdmin\NewwaysAdmin.WebAdmin.csproj]
G:\NewwaysAdmin\NewwaysAdmin\NewwaysAdmin.WebAdmin\Components\Features\Sales\Daily\DailySummaryPanel.razor(23,13): warning RZ10012: Found markup element with unexpected name 'ProductBreakdownSection'. If this is intended to be a component, add a @using directive for its namespace. [G:\NewwaysAdmin\NewwaysAdmin\NewwaysAdmin.WebAdmin\NewwaysAdmin.WebAdmin.csproj]
G:\NewwaysAdmin\NewwaysAdmin\NewwaysAdmin.WebAdmin\Components\Features\Sales\Daily\DailySummaryPanel.razor(24,13): warning RZ10012: Found markup element with unexpected name 'CouriersSection'. If this is intended to be a component, add a @using directive for its namespace. [G:\NewwaysAdmin\NewwaysAdmin\NewwaysAdmin.WebAdmin\NewwaysAdmin.WebAdmin.csproj]
G:\NewwaysAdmin\NewwaysAdmin\NewwaysAdmin.WebAdmin\Components\Pages\Accounting.razor(76,29): warning RZ10012: Found markup element with unexpected name 'AccessDeniedMessage'. If this is intended to be a component, add a @using directive for its namespace. [G:\NewwaysAdmin\NewwaysAdmin\NewwaysAdmin.WebAdmin\NewwaysAdmin.WebAdmin.csproj]
G:\NewwaysAdmin\NewwaysAdmin\NewwaysAdmin.WebAdmin\Components\Pages\Accounting.razor(83,29): warning RZ10012: Found markup element with unexpected name 'ComingSoonMessage'. If this is intended to be a component, add a @using directive for its namespace. [G:\NewwaysAdmin\NewwaysAdmin\NewwaysAdmin.WebAdmin\NewwaysAdmin.WebAdmin.csproj]
G:\NewwaysAdmin\NewwaysAdmin\NewwaysAdmin.WebAdmin\Components\Pages\Accounting.razor(87,29): warning RZ10012: Found markup element with unexpected name 'AccessDeniedMessage'. If this is intended to be a component, add a @using directive for its namespace. [G:\NewwaysAdmin\NewwaysAdmin\NewwaysAdmin.WebAdmin\NewwaysAdmin.WebAdmin.csproj]
G:\NewwaysAdmin\NewwaysAdmin\NewwaysAdmin.WebAdmin\Components\Pages\Accounting.razor(94,29): warning RZ10012: Found markup element with unexpected name 'ComingSoonMessage'. If this is intended to be a component, add a @using directive for its namespace. [G:\NewwaysAdmin\NewwaysAdmin\NewwaysAdmin.WebAdmin\NewwaysAdmin.WebAdmin.csproj]
G:\NewwaysAdmin\NewwaysAdmin\NewwaysAdmin.WebAdmin\Components\Pages\Accounting.razor(98,29): warning RZ10012: Found markup element with unexpected name 'AccessDeniedMessage'. If this is intended to be a component, add a @using directive for its namespace. [G:\NewwaysAdmin\NewwaysAdmin\NewwaysAdmin.WebAdmin\NewwaysAdmin.WebAdmin.csproj]
G:\NewwaysAdmin\NewwaysAdmin\NewwaysAdmin.WebAdmin\Services\Workers\WorkerDataService.cs(5,44): error CS0234: The type or namespace name 'Adjustments' does not exist in the namespace 'NewwaysAdmin.WebAdmin.Models.Workers' (are you missing an assembly reference?) [G:\NewwaysAdmin\NewwaysAdmin\NewwaysAdmin.WebAdmin\NewwaysAdmin.WebAdmin.csproj]
G:\NewwaysAdmin\NewwaysAdmin\NewwaysAdmin.WebAdmin\Components\Base\SafeComponentBase.cs(41,56): warning CS8601: Possible null reference assignment. [G:\NewwaysAdmin\NewwaysAdmin\NewwaysAdmin.WebAdmin\NewwaysAdmin.WebAdmin.csproj]
G:\NewwaysAdmin\NewwaysAdmin\NewwaysAdmin.WebAdmin\Services\Workers\WorkerDataService.cs(154,74): error CS0246: The type or namespace name 'DailyAdjustmentRecord' could not be found (are you missing a using directive or an assembly reference?) [G:\NewwaysAdmin\NewwaysAdmin\NewwaysAdmin.WebAdmin\NewwaysAdmin.WebAdmin.csproj]
G:\NewwaysAdmin\NewwaysAdmin\NewwaysAdmin.WebAdmin\Services\Workers\WorkerDataService.cs(176,27): error CS0246: The type or namespace name 'DailyAdjustmentRecord' could not be found (are you missing a using directive or an assembly reference?) [G:\NewwaysAdmin\NewwaysAdmin\NewwaysAdmin.WebAdmin\NewwaysAdmin.WebAdmin.csproj]
G:\NewwaysAdmin\NewwaysAdmin\NewwaysAdmin.WebAdmin\Services\Workers\WorkerDataService.cs(16,26): error CS0246: The type or namespace name 'DailyAdjustmentStorage' could not be found (are you missing a using directive or an assembly reference?) [G:\NewwaysAdmin\NewwaysAdmin\NewwaysAdmin.WebAdmin\NewwaysAdmin.WebAdmin.csproj]
G:\NewwaysAdmin\NewwaysAdmin\NewwaysAdmin.WebAdmin\Services\Workers\WorkerDataService.cs(23,13): error CS0246: The type or namespace name 'DailyAdjustmentStorage' could not be found (are you missing a using directive or an assembly reference?) [G:\NewwaysAdmin\NewwaysAdmin\NewwaysAdmin.WebAdmin\NewwaysAdmin.WebAdmin.csproj]
G:\NewwaysAdmin\NewwaysAdmin\NewwaysAdmin.WebAdmin\Components\Features\Settings\OcrAnalyzer\Core\Components\PatternResultsPanel.razor(5,8): warning CS0105: The using directive for 'Microsoft.AspNetCore.Components' appeared previously in this namespace [G:\NewwaysAdmin\NewwaysAdmin\NewwaysAdmin.WebAdmin\NewwaysAdmin.WebAdmin.csproj]

Build FAILED.

G:\NewwaysAdmin\NewwaysAdmin\NewwaysAdmin.GoogleSheets\NewwaysAdmin.GoogleSheets.csproj : warning NU1504: Duplicate 'PackageReference' items found. Remove the duplicate items or use the Update functionality to ensure a consistent restore behavior. The duplicate 'PackageReference' items are: Google.Apis.Auth 1.69.0, Google.Apis.Auth 1.69.0.
G:\NewwaysAdmin\NewwaysAdmin\NewwaysAdmin.GoogleSheets\NewwaysAdmin.GoogleSheets.csproj : warning NU1603: NewwaysAdmin.GoogleSheets depends on Google.Apis.Sheets.v4 (>= 1.69.0) but Google.Apis.Sheets.v4 1.69.0 was not found. An approximate best match of Google.Apis.Sheets.v4 1.69.0.3694 was resolved. [G:\NewwaysAdmin\NewwaysAdmin\NewwaysAdmin.sln]
G:\NewwaysAdmin\NewwaysAdmin\NewwaysAdmin.Web\NewwaysAdmin.Web.csproj : warning NU1603: NewwaysAdmin.GoogleSheets depends on Google.Apis.Sheets.v4 (>= 1.69.0) but Google.Apis.Sheets.v4 1.69.0 was not found. An approximate best match of Google.Apis.Sheets.v4 1.69.0.3694 was resolved. [G:\NewwaysAdmin\NewwaysAdmin\NewwaysAdmin.sln]
G:\NewwaysAdmin\NewwaysAdmin\NewwaysAdmin.GoogleSheets\NewwaysAdmin.GoogleSheets.csproj : warning NU1504: Duplicate 'PackageReference' items found. Remove the duplicate items or use the Update functionality to ensure a consistent restore behavior. The duplicate 'PackageReference' items are: Google.Apis.Auth 1.69.0, Google.Apis.Auth 1.69.0.
G:\NewwaysAdmin\NewwaysAdmin\NewwaysAdmin.GoogleSheets\NewwaysAdmin.GoogleSheets.csproj : warning NU1603: NewwaysAdmin.GoogleSheets depends on Google.Apis.Sheets.v4 (>= 1.69.0) but Google.Apis.Sheets.v4 1.69.0 was not found. An approximate best match of Google.Apis.Sheets.v4 1.69.0.3694 was resolved.
G:\NewwaysAdmin\NewwaysAdmin\NewwaysAdmin.Web\NewwaysAdmin.Web.csproj : warning NU1603: NewwaysAdmin.GoogleSheets depends on Google.Apis.Sheets.v4 (>= 1.69.0) but Google.Apis.Sheets.v4 1.69.0 was not found. An approximate best match of Google.Apis.Sheets.v4 1.69.0.3694 was resolved.
G:\NewwaysAdmin\NewwaysAdmin\NewwaysAdmin.Shared\IO\Json\JsonStorage.cs(161,33): warning CS1998: This async method lacks 'await' operators and will run synchronously. Consider using the 'await' operator to await non-blocking API calls, or 'await Task.Run(...)' to do CPU-bound work on a background thread. [G:\NewwaysAdmin\NewwaysAdmin\NewwaysAdmin.Shared\NewwaysAdmin.Shared.csproj]
G:\NewwaysAdmin\NewwaysAdmin\NewwaysAdmin.Shared\IO\Json\JsonStorage.cs(234,28): warning CS1998: This async method lacks 'await' operators and will run synchronously. Consider using the 'await' operator to await non-blocking API calls, or 'await Task.Run(...)' to do CPU-bound work on a background thread. [G:\NewwaysAdmin\NewwaysAdmin\NewwaysAdmin.Shared\NewwaysAdmin.Shared.csproj]
G:\NewwaysAdmin\NewwaysAdmin\NewwaysAdmin.IO.Manager\MachineConfiguration.cs(35,43): warning CS8604: Possible null reference argument for parameter 'path' in 'DirectoryInfo Directory.CreateDirectory(string path)'. [G:\NewwaysAdmin\NewwaysAdmin\NewwaysAdmin.IO.Manager\NewwaysAdmin.IO.Manager.csproj]
G:\NewwaysAdmin\NewwaysAdmin\NewwaysAdmin.IO.Manager\IOManager.cs(388,47): warning CS8604: Possible null reference argument for parameter 'path' in 'DirectoryInfo Directory.CreateDirectory(string path)'. [G:\NewwaysAdmin\NewwaysAdmin\NewwaysAdmin.IO.Manager\NewwaysAdmin.IO.Manager.csproj]
G:\NewwaysAdmin\NewwaysAdmin\NewwaysAdmin.WorkerAttendance.Services\FaceTrainingService.cs(34,33): warning CS1998: This async method lacks 'await' operators and will run synchronously. Consider using the 'await' operator to await non-blocking API calls, or 'await Task.Run(...)' to do CPU-bound work on a background thread. [G:\NewwaysAdmin\NewwaysAdmin\NewwaysAdmin.WorkerAttendance.Services\NewwaysAdmin.WorkerAttendance.Services.csproj]
G:\NewwaysAdmin\NewwaysAdmin\NewwaysAdmin.WorkerAttendance.Services\ArduinoService.cs(11,22): warning CS0414: The field 'ArduinoService._isConnected' is assigned but its value is never used [G:\NewwaysAdmin\NewwaysAdmin\NewwaysAdmin.WorkerAttendance.Services\NewwaysAdmin.WorkerAttendance.Services.csproj]
G:\NewwaysAdmin\NewwaysAdmin\NewwaysAdmin.DevTools\Program.cs(176,29): warning CS8602: Dereference of a possibly null reference. [G:\NewwaysAdmin\NewwaysAdmin\NewwaysAdmin.DevTools\NewwaysAdmin.DevTools.csproj]
G:\NewwaysAdmin\NewwaysAdmin\NewwaysAdmin.DevTools\Program.cs(294,13): warning CS1998: This async method lacks 'await' operators and will run synchronously. Consider using the 'await' operator to await non-blocking API calls, or 'await Task.Run(...)' to do CPU-bound work on a background thread. [G:\NewwaysAdmin\NewwaysAdmin\NewwaysAdmin.DevTools\NewwaysAdmin.DevTools.csproj]
G:\NewwaysAdmin\NewwaysAdmin\NewwaysAdmin.SharedModels\Models\Ocr\SearchPattern.cs(49,16): warning CS8618: Non-nullable property 'Name' must contain a non-null value when exiting constructor. Consider adding the 'required' modifier or declaring the property as nullable. [G:\NewwaysAdmin\NewwaysAdmin\NewwaysAdmin.SharedModels\NewwaysAdmin.SharedModels.csproj]
G:\NewwaysAdmin\NewwaysAdmin\NewwaysAdmin.SharedModels\Models\Ocr\SearchPattern.cs(36,16): warning CS8618: Non-nullable property 'Name' must contain a non-null value when exiting constructor. Consider adding the 'required' modifier or declaring the property as nullable. [G:\NewwaysAdmin\NewwaysAdmin\NewwaysAdmin.SharedModels\NewwaysAdmin.SharedModels.csproj]
G:\NewwaysAdmin\NewwaysAdmin\NewwaysAdmin.SharedModels\Models\Ocr\SearchPattern.cs(12,23): warning CS8618: Non-nullable property 'SearchName' must contain a non-null value when exiting constructor. Consider adding the 'required' modifier or declaring the property as nullable. [G:\NewwaysAdmin\NewwaysAdmin\NewwaysAdmin.SharedModels\NewwaysAdmin.SharedModels.csproj]
G:\NewwaysAdmin\NewwaysAdmin\NewwaysAdmin.SharedModels\Models\Ocr\SearchPattern.cs(13,23): warning CS8618: Non-nullable property 'KeyWord' must contain a non-null value when exiting constructor. Consider adding the 'required' modifier or declaring the property as nullable. [G:\NewwaysAdmin\NewwaysAdmin\NewwaysAdmin.SharedModels\NewwaysAdmin.SharedModels.csproj]
G:\NewwaysAdmin\NewwaysAdmin\NewwaysAdmin.SharedModels\Models\Ocr\SearchPattern.cs(16,23): warning CS8618: Non-nullable property 'StopWords' must contain a non-null value when exiting constructor. Consider adding the 'required' modifier or declaring the property as nullable. [G:\NewwaysAdmin\NewwaysAdmin\NewwaysAdmin.SharedModels\NewwaysAdmin.SharedModels.csproj]
G:\NewwaysAdmin\NewwaysAdmin\NewwaysAdmin.SharedModels\Models\Ocr\SearchPattern.cs(17,23): warning CS8618: Non-nullable property 'PatternType' must contain a non-null value when exiting constructor. Consider adding the 'required' modifier or declaring the property as nullable. [G:\NewwaysAdmin\NewwaysAdmin\NewwaysAdmin.SharedModels\NewwaysAdmin.SharedModels.csproj]
G:\NewwaysAdmin\NewwaysAdmin\NewwaysAdmin.SharedModels\Models\Ocr\SearchPattern.cs(18,29): warning CS8618: Non-nullable property 'RegexPatterns' must contain a non-null value when exiting constructor. Consider adding the 'required' modifier or declaring the property as nullable. [G:\NewwaysAdmin\NewwaysAdmin\NewwaysAdmin.SharedModels\NewwaysAdmin.SharedModels.csproj]
G:\NewwaysAdmin\NewwaysAdmin\NewwaysAdmin.SharedModels\Models\Config\ProcessorConfig.cs(147,48): warning CS8602: Dereference of a possibly null reference. [G:\NewwaysAdmin\NewwaysAdmin\NewwaysAdmin.SharedModels\NewwaysAdmin.SharedModels.csproj]
G:\NewwaysAdmin\NewwaysAdmin\NewwaysAdmin.SharedModels\Services\Ocr\SpatialOcrService.cs(138,34): warning CS1998: This async method lacks 'await' operators and will run synchronously. Consider using the 'await' operator to await non-blocking API calls, or 'await Task.Run(...)' to do CPU-bound work on a background thread. [G:\NewwaysAdmin\NewwaysAdmin\NewwaysAdmin.SharedModels\NewwaysAdmin.SharedModels.csproj]
G:\NewwaysAdmin\NewwaysAdmin\NewwaysAdmin.SharedModels\Services\Ocr\SpatialOcrService.cs(362,30): warning CS0612: 'EntityAnnotation.Confidence' is obsolete [G:\NewwaysAdmin\NewwaysAdmin\NewwaysAdmin.SharedModels\NewwaysAdmin.SharedModels.csproj]
G:\NewwaysAdmin\NewwaysAdmin\NewwaysAdmin.SharedModels\Services\Ocr\SpatialOcrService.cs(375,52): warning CS0612: 'EntityAnnotation.Confidence' is obsolete [G:\NewwaysAdmin\NewwaysAdmin\NewwaysAdmin.SharedModels\NewwaysAdmin.SharedModels.csproj]
G:\NewwaysAdmin\NewwaysAdmin\NewwaysAdmin.SharedModels\Services\Ocr\SpatialOcrService.cs(380,53): warning CS1998: This async method lacks 'await' operators and will run synchronously. Consider using the 'await' operator to await non-blocking API calls, or 'await Task.Run(...)' to do CPU-bound work on a background thread. [G:\NewwaysAdmin\NewwaysAdmin\NewwaysAdmin.SharedModels\NewwaysAdmin.SharedModels.csproj]
G:\NewwaysAdmin\NewwaysAdmin\NewwaysAdmin.SharedModels\Services\Ocr\SpatialOcrService.cs(386,72): warning CA1416: This call site is reachable on all platforms. 'Image.Width' is only supported on: 'windows' 6.1 and later. (https://learn.microsoft.com/dotnet/fundamentals/code-analysis/quality-rules/ca1416) [G:\NewwaysAdmin\NewwaysAdmin\NewwaysAdmin.SharedModels\NewwaysAdmin.SharedModels.csproj]
G:\NewwaysAdmin\NewwaysAdmin\NewwaysAdmin.SharedModels\Services\Ocr\SpatialOcrService.cs(387,25): warning CA1416: This call site is reachable on all platforms. 'Image.Width' is only supported on: 'windows' 6.1 and later. (https://learn.microsoft.com/dotnet/fundamentals/code-analysis/quality-rules/ca1416) [G:\NewwaysAdmin\NewwaysAdmin\NewwaysAdmin.SharedModels\NewwaysAdmin.SharedModels.csproj]
G:\NewwaysAdmin\NewwaysAdmin\NewwaysAdmin.SharedModels\Services\Ocr\SpatialOcrService.cs(385,35): warning CA1416: This call site is reachable on all platforms. 'Image.FromFile(string)' is only supported on: 'windows' 6.1 and later. (https://learn.microsoft.com/dotnet/fundamentals/code-analysis/quality-rules/ca1416) [G:\NewwaysAdmin\NewwaysAdmin\NewwaysAdmin.SharedModels\NewwaysAdmin.SharedModels.csproj]
G:\NewwaysAdmin\NewwaysAdmin\NewwaysAdmin.SharedModels\Services\Ocr\SpatialOcrService.cs(386,85): warning CA1416: This call site is reachable on all platforms. 'Image.Height' is only supported on: 'windows' 6.1 and later. (https://learn.microsoft.com/dotnet/fundamentals/code-analysis/quality-rules/ca1416) [G:\NewwaysAdmin\NewwaysAdmin\NewwaysAdmin.SharedModels\NewwaysAdmin.SharedModels.csproj]
G:\NewwaysAdmin\NewwaysAdmin\NewwaysAdmin.SharedModels\Services\Ocr\SpatialOcrService.cs(387,38): warning CA1416: This call site is reachable on all platforms. 'Image.Height' is only supported on: 'windows' 6.1 and later. (https://learn.microsoft.com/dotnet/fundamentals/code-analysis/quality-rules/ca1416) [G:\NewwaysAdmin\NewwaysAdmin\NewwaysAdmin.SharedModels\NewwaysAdmin.SharedModels.csproj]
G:\NewwaysAdmin\NewwaysAdmin\NewwaysAdmin.WorkerAttendance.UI\VideoFeedService.cs(35,33): warning CS1998: This async method lacks 'await' operators and will run synchronously. Consider using the 'await' operator to await non-blocking API calls, or 'await Task.Run(...)' to do CPU-bound work on a background thread. [G:\NewwaysAdmin\NewwaysAdmin\NewwaysAdmin.WorkerAttendance.UI\NewwaysAdmin.WorkerAttendance.UI_zucbieff_wpftmp.csproj]
G:\NewwaysAdmin\NewwaysAdmin\NewwaysAdmin.WorkerAttendance.UI\MainWindow.xaml.cs(41,16): warning CS8618: Non-nullable field '_storageFactory' must contain a non-null value when exiting constructor. Consider adding the 'required' modifier or declaring the field as nullable. [G:\NewwaysAdmin\NewwaysAdmin\NewwaysAdmin.WorkerAttendance.UI\NewwaysAdmin.WorkerAttendance.UI_zucbieff_wpftmp.csproj]
G:\NewwaysAdmin\NewwaysAdmin\NewwaysAdmin.WorkerAttendance.UI\MainWindow.xaml.cs(41,16): warning CS8618: Non-nullable field '_workerStorageService' must contain a non-null value when exiting constructor. Consider adding the 'required' modifier or declaring the field as nullable. [G:\NewwaysAdmin\NewwaysAdmin\NewwaysAdmin.WorkerAttendance.UI\NewwaysAdmin.WorkerAttendance.UI_zucbieff_wpftmp.csproj]
G:\NewwaysAdmin\NewwaysAdmin\NewwaysAdmin.WorkerAttendance.UI\MainWindow.xaml.cs(41,16): warning CS8618: Non-nullable field '_faceTrainingWorkflowService' must contain a non-null value when exiting constructor. Consider adding the 'required' modifier or declaring the field as nullable. [G:\NewwaysAdmin\NewwaysAdmin\NewwaysAdmin.WorkerAttendance.UI\NewwaysAdmin.WorkerAttendance.UI_zucbieff_wpftmp.csproj]
G:\NewwaysAdmin\NewwaysAdmin\NewwaysAdmin.WorkerAttendance.UI\MainWindow.xaml.cs(578,30): warning CS0168: The variable 'ex' is declared but never used [G:\NewwaysAdmin\NewwaysAdmin\NewwaysAdmin.WorkerAttendance.UI\NewwaysAdmin.WorkerAttendance.UI_zucbieff_wpftmp.csproj]
G:\NewwaysAdmin\NewwaysAdmin\NewwaysAdmin.WorkerAttendance.UI\Controls\FaceTrainingInstructionsControl.xaml.cs(19,35): warning CS0067: The event 'FaceTrainingInstructionsControl.CaptureRequested' is never used [G:\NewwaysAdmin\NewwaysAdmin\NewwaysAdmin.WorkerAttendance.UI\NewwaysAdmin.WorkerAttendance.UI_zucbieff_wpftmp.csproj]
G:\NewwaysAdmin\NewwaysAdmin\NewwaysAdmin.WorkerAttendance.UI\Controls\FaceTrainingInstructionsControl.xaml.cs(21,30): warning CS0067: The event 'FaceTrainingInstructionsControl.TrainingCancelled' is never used [G:\NewwaysAdmin\NewwaysAdmin\NewwaysAdmin.WorkerAttendance.UI\NewwaysAdmin.WorkerAttendance.UI_zucbieff_wpftmp.csproj]
G:\NewwaysAdmin\NewwaysAdmin\NewwaysAdmin.WorkerAttendance.UI\MainWindow.xaml.cs(35,22): warning CS0414: The field 'MainWindow._isInTrainingMode' is assigned but its value is never used [G:\NewwaysAdmin\NewwaysAdmin\NewwaysAdmin.WorkerAttendance.UI\NewwaysAdmin.WorkerAttendance.UI_zucbieff_wpftmp.csproj]
G:\NewwaysAdmin\NewwaysAdmin\NewwaysAdmin.OrderProcessor\PdfProcessor.cs(95,50): warning CS8600: Converting null literal or possible null value to non-nullable type. [G:\NewwaysAdmin\NewwaysAdmin\NewwaysAdmin.OrderProcessor\NewwaysAdmin.OrderProcessor.csproj]
G:\NewwaysAdmin\NewwaysAdmin\NewwaysAdmin.OrderProcessor\PdfProcessor.cs(655,51): warning CS8625: Cannot convert null literal to non-nullable reference type. [G:\NewwaysAdmin\NewwaysAdmin\NewwaysAdmin.OrderProcessor\NewwaysAdmin.OrderProcessor.csproj]
G:\NewwaysAdmin\NewwaysAdmin\NewwaysAdmin.OrderProcessor\PdfProcessor.cs(577,40): warning CS1998: This async method lacks 'await' operators and will run synchronously. Consider using the 'await' operator to await non-blocking API calls, or 'await Task.Run(...)' to do CPU-bound work on a background thread. [G:\NewwaysAdmin\NewwaysAdmin\NewwaysAdmin.OrderProcessor\NewwaysAdmin.OrderProcessor.csproj]
G:\NewwaysAdmin\NewwaysAdmin\NewwaysAdmin.GoogleSheets\Services\GoogleSheetsService.cs(7,7): warning CS0105: The using directive for 'Google.Apis.Auth.OAuth2' appeared previously in this namespace [G:\NewwaysAdmin\NewwaysAdmin\NewwaysAdmin.GoogleSheets\NewwaysAdmin.GoogleSheets.csproj]
G:\NewwaysAdmin\NewwaysAdmin\NewwaysAdmin.GoogleSheets\Layouts\BankSlipSheetLayout.cs(149,46): warning CS8602: Dereference of a possibly null reference. [G:\NewwaysAdmin\NewwaysAdmin\NewwaysAdmin.GoogleSheets\NewwaysAdmin.GoogleSheets.csproj]
G:\NewwaysAdmin\NewwaysAdmin\NewwaysAdmin.GoogleSheets\Services\GoogleSheetsService.cs(125,31): warning CS8629: Nullable value type may be null. [G:\NewwaysAdmin\NewwaysAdmin\NewwaysAdmin.GoogleSheets\NewwaysAdmin.GoogleSheets.csproj]
G:\NewwaysAdmin\NewwaysAdmin\NewwaysAdmin.GoogleSheets\Services\GoogleSheetsService.cs(629,42): warning CS1998: This async method lacks 'await' operators and will run synchronously. Consider using the 'await' operator to await non-blocking API calls, or 'await Task.Run(...)' to do CPU-bound work on a background thread. [G:\NewwaysAdmin\NewwaysAdmin\NewwaysAdmin.GoogleSheets\NewwaysAdmin.GoogleSheets.csproj]
G:\NewwaysAdmin\NewwaysAdmin\NewwaysAdmin.WorkerAttendance.UI\VideoFeedService.cs(35,33): warning CS1998: This async method lacks 'await' operators and will run synchronously. Consider using the 'await' operator to await non-blocking API calls, or 'await Task.Run(...)' to do CPU-bound work on a background thread. [G:\NewwaysAdmin\NewwaysAdmin\NewwaysAdmin.WorkerAttendance.UI\NewwaysAdmin.WorkerAttendance.UI.csproj]
G:\NewwaysAdmin\NewwaysAdmin\NewwaysAdmin.WorkerAttendance.UI\MainWindow.xaml.cs(41,16): warning CS8618: Non-nullable field '_storageFactory' must contain a non-null value when exiting constructor. Consider adding the 'required' modifier or declaring the field as nullable. [G:\NewwaysAdmin\NewwaysAdmin\NewwaysAdmin.WorkerAttendance.UI\NewwaysAdmin.WorkerAttendance.UI.csproj]
G:\NewwaysAdmin\NewwaysAdmin\NewwaysAdmin.WorkerAttendance.UI\MainWindow.xaml.cs(41,16): warning CS8618: Non-nullable field '_workerStorageService' must contain a non-null value when exiting constructor. Consider adding the 'required' modifier or declaring the field as nullable. [G:\NewwaysAdmin\NewwaysAdmin\NewwaysAdmin.WorkerAttendance.UI\NewwaysAdmin.WorkerAttendance.UI.csproj]
G:\NewwaysAdmin\NewwaysAdmin\NewwaysAdmin.WorkerAttendance.UI\MainWindow.xaml.cs(41,16): warning CS8618: Non-nullable field '_faceTrainingWorkflowService' must contain a non-null value when exiting constructor. Consider adding the 'required' modifier or declaring the field as nullable. [G:\NewwaysAdmin\NewwaysAdmin\NewwaysAdmin.WorkerAttendance.UI\NewwaysAdmin.WorkerAttendance.UI.csproj]
G:\NewwaysAdmin\NewwaysAdmin\NewwaysAdmin.WorkerAttendance.UI\MainWindow.xaml.cs(578,30): warning CS0168: The variable 'ex' is declared but never used [G:\NewwaysAdmin\NewwaysAdmin\NewwaysAdmin.WorkerAttendance.UI\NewwaysAdmin.WorkerAttendance.UI.csproj]
G:\NewwaysAdmin\NewwaysAdmin\NewwaysAdmin.WorkerAttendance.UI\Controls\FaceTrainingInstructionsControl.xaml.cs(21,30): warning CS0067: The event 'FaceTrainingInstructionsControl.TrainingCancelled' is never used [G:\NewwaysAdmin\NewwaysAdmin\NewwaysAdmin.WorkerAttendance.UI\NewwaysAdmin.WorkerAttendance.UI.csproj]
G:\NewwaysAdmin\NewwaysAdmin\NewwaysAdmin.WorkerAttendance.UI\Controls\FaceTrainingInstructionsControl.xaml.cs(19,35): warning CS0067: The event 'FaceTrainingInstructionsControl.CaptureRequested' is never used [G:\NewwaysAdmin\NewwaysAdmin\NewwaysAdmin.WorkerAttendance.UI\NewwaysAdmin.WorkerAttendance.UI.csproj]
G:\NewwaysAdmin\NewwaysAdmin\NewwaysAdmin.WorkerAttendance.UI\MainWindow.xaml.cs(35,22): warning CS0414: The field 'MainWindow._isInTrainingMode' is assigned but its value is never used [G:\NewwaysAdmin\NewwaysAdmin\NewwaysAdmin.WorkerAttendance.UI\NewwaysAdmin.WorkerAttendance.UI.csproj]
G:\NewwaysAdmin\NewwaysAdmin\NewwaysAdmin.WebAdmin\Components\Features\Sales\Daily\DailySummaryPanel.razor(22,13): warning RZ10012: Found markup element with unexpected name 'SummaryStatsSection'. If this is intended to be a component, add a @using directive for its namespace. [G:\NewwaysAdmin\NewwaysAdmin\NewwaysAdmin.WebAdmin\NewwaysAdmin.WebAdmin.csproj]
G:\NewwaysAdmin\NewwaysAdmin\NewwaysAdmin.WebAdmin\Components\Features\Sales\Daily\DailySummaryPanel.razor(23,13): warning RZ10012: Found markup element with unexpected name 'ProductBreakdownSection'. If this is intended to be a component, add a @using directive for its namespace. [G:\NewwaysAdmin\NewwaysAdmin\NewwaysAdmin.WebAdmin\NewwaysAdmin.WebAdmin.csproj]
G:\NewwaysAdmin\NewwaysAdmin\NewwaysAdmin.WebAdmin\Components\Features\Sales\Daily\DailySummaryPanel.razor(24,13): warning RZ10012: Found markup element with unexpected name 'CouriersSection'. If this is intended to be a component, add a @using directive for its namespace. [G:\NewwaysAdmin\NewwaysAdmin\NewwaysAdmin.WebAdmin\NewwaysAdmin.WebAdmin.csproj]
G:\NewwaysAdmin\NewwaysAdmin\NewwaysAdmin.WebAdmin\Components\Pages\Accounting.razor(76,29): warning RZ10012: Found markup element with unexpected name 'AccessDeniedMessage'. If this is intended to be a component, add a @using directive for its namespace. [G:\NewwaysAdmin\NewwaysAdmin\NewwaysAdmin.WebAdmin\NewwaysAdmin.WebAdmin.csproj]
G:\NewwaysAdmin\NewwaysAdmin\NewwaysAdmin.WebAdmin\Components\Pages\Accounting.razor(83,29): warning RZ10012: Found markup element with unexpected name 'ComingSoonMessage'. If this is intended to be a component, add a @using directive for its namespace. [G:\NewwaysAdmin\NewwaysAdmin\NewwaysAdmin.WebAdmin\NewwaysAdmin.WebAdmin.csproj]
G:\NewwaysAdmin\NewwaysAdmin\NewwaysAdmin.WebAdmin\Components\Pages\Accounting.razor(87,29): warning RZ10012: Found markup element with unexpected name 'AccessDeniedMessage'. If this is intended to be a component, add a @using directive for its namespace. [G:\NewwaysAdmin\NewwaysAdmin\NewwaysAdmin.WebAdmin\NewwaysAdmin.WebAdmin.csproj]
G:\NewwaysAdmin\NewwaysAdmin\NewwaysAdmin.WebAdmin\Components\Pages\Accounting.razor(94,29): warning RZ10012: Found markup element with unexpected name 'ComingSoonMessage'. If this is intended to be a component, add a @using directive for its namespace. [G:\NewwaysAdmin\NewwaysAdmin\NewwaysAdmin.WebAdmin\NewwaysAdmin.WebAdmin.csproj]
G:\NewwaysAdmin\NewwaysAdmin\NewwaysAdmin.WebAdmin\Components\Pages\Accounting.razor(98,29): warning RZ10012: Found markup element with unexpected name 'AccessDeniedMessage'. If this is intended to be a component, add a @using directive for its namespace. [G:\NewwaysAdmin\NewwaysAdmin\NewwaysAdmin.WebAdmin\NewwaysAdmin.WebAdmin.csproj]
G:\NewwaysAdmin\NewwaysAdmin\NewwaysAdmin.WebAdmin\Components\Base\SafeComponentBase.cs(41,56): warning CS8601: Possible null reference assignment. [G:\NewwaysAdmin\NewwaysAdmin\NewwaysAdmin.WebAdmin\NewwaysAdmin.WebAdmin.csproj]
G:\NewwaysAdmin\NewwaysAdmin\NewwaysAdmin.WebAdmin\Components\Features\Settings\OcrAnalyzer\Core\Components\PatternResultsPanel.razor(5,8): warning CS0105: The using directive for 'Microsoft.AspNetCore.Components' appeared previously in this namespace [G:\NewwaysAdmin\NewwaysAdmin\NewwaysAdmin.WebAdmin\NewwaysAdmin.WebAdmin.csproj]
G:\NewwaysAdmin\NewwaysAdmin\NewwaysAdmin.WebAdmin\Services\Workers\WorkerDataService.cs(5,44): error CS0234: The type or namespace name 'Adjustments' does not exist in the namespace 'NewwaysAdmin.WebAdmin.Models.Workers' (are you missing an assembly reference?) [G:\NewwaysAdmin\NewwaysAdmin\NewwaysAdmin.WebAdmin\NewwaysAdmin.WebAdmin.csproj]
G:\NewwaysAdmin\NewwaysAdmin\NewwaysAdmin.WebAdmin\Services\Workers\WorkerDataService.cs(154,74): error CS0246: The type or namespace name 'DailyAdjustmentRecord' could not be found (are you missing a using directive or an assembly reference?) [G:\NewwaysAdmin\NewwaysAdmin\NewwaysAdmin.WebAdmin\NewwaysAdmin.WebAdmin.csproj]
G:\NewwaysAdmin\NewwaysAdmin\NewwaysAdmin.WebAdmin\Services\Workers\WorkerDataService.cs(176,27): error CS0246: The type or namespace name 'DailyAdjustmentRecord' could not be found (are you missing a using directive or an assembly reference?) [G:\NewwaysAdmin\NewwaysAdmin\NewwaysAdmin.WebAdmin\NewwaysAdmin.WebAdmin.csproj]
G:\NewwaysAdmin\NewwaysAdmin\NewwaysAdmin.WebAdmin\Services\Workers\WorkerDataService.cs(16,26): error CS0246: The type or namespace name 'DailyAdjustmentStorage' could not be found (are you missing a using directive or an assembly reference?) [G:\NewwaysAdmin\NewwaysAdmin\NewwaysAdmin.WebAdmin\NewwaysAdmin.WebAdmin.csproj]
G:\NewwaysAdmin\NewwaysAdmin\NewwaysAdmin.WebAdmin\Services\Workers\WorkerDataService.cs(23,13): error CS0246: The type or namespace name 'DailyAdjustmentStorage' could not be found (are you missing a using directive or an assembly reference?) [G:\NewwaysAdmin\NewwaysAdmin\NewwaysAdmin.WebAdmin\NewwaysAdmin.WebAdmin.csproj]
    64 Warning(s)
    5 Error(s)

Time Elapsed 00:00:09.35

Workload updates are available. Run `dotnet workload list` for more information.
